{"AODS": [{"content": ["header", "", "contentfields"], "delete": false}]}